{
  "push": {
    "ref": "refs/heads/master",
    "before": "aad331d8d3b131fa9ae03cf5e53965b51942618a",
    "after": "33b55f7cb7e7e245323987634f960cf4a6e6bc74",
    "repo": {
      "id": "278d5cd2-584d-4b63-824a-2ba458937249",
      "namespace": "Fabrikam-Fiber-Git",
      "name": "Fabrikam-Fiber-Git",
      "branch": "master",
      "private": false,
      "clone": "https://dev.azure.com/fabrikam-fiber-inc/DefaultCollection/_git/Fabrikam-Fiber-Git",
      "cloneSsh": "",
      "link": "https://dev.azure.com/fabrikam-fiber-inc/DefaultCollection/_git/Fabrikam-Fiber-Git",
      "created": "0001-01-01T00:00:00Z",
      "updated": "0001-01-01T00:00:00Z"
    },
    "commits": [
      {
        "sha": "33b55f7cb7e7e245323987634f960cf4a6e6bc74",
        "message": "Fixed bug in web.config file",
        "author": {
          "name": "Jamal Hartnett",
          "email": "fabrikamfiber4@hotmail.com",
          "date": "2020-08-25T07:30:01Z",
          "login": "Jamal Hartnett"
        },
        "committer": {
          "name": "Jamal Hartnett",
          "email": "fabrikamfiber4@hotmail.com",
          "date": "2020-08-25T07:30:01Z",
          "login": "Jamal Hartnett"
        },
        "link": "https://dev.azure.com/fabrikam-fiber-inc/DefaultCollection/_git/Fabrikam-Fiber-Git/commit/33b55f7cb7e7e245323987634f960cf4a6e6bc74"
      }
    ],
    "sender": {
      "login": "00067FFED5C7AF52@Live.com",
      "name": "Jamal Hartnett",
      "email": "Windows Live ID\\fabrikamfiber4@hotmail.com"
    },
    "commit": {
      "sha": "33b55f7cb7e7e245323987634f960cf4a6e6bc74",
      "message": "",
      "author": {
        "login": "00067FFED5C7AF52@Live.com",
        "name": "Jamal Hartnett",
        "email": "Windows Live ID\\fabrikamfiber4@hotmail.com"
      },
      "committer": {
        "login": "00067FFED5C7AF52@Live.com",
        "name": "Jamal Hartnett",
        "email": "Windows Live ID\\fabrikamfiber4@hotmail.com"
      },
      "link": ""
    }
  }
}