{
  "branch": {
    "ref": {
      "name": "feature-branch",
      "sha": ""
    },
    "repo": {
      "id": "13933572",
      "namespace": "bradrydzewski",
      "name": "drone-test-go",
      "perm": null,
      "branch": "master",
      "private": true,
      "clone": "https://github.com/bradrydzewski/drone-test-go.git",
      "cloneSsh": "git@github.com:bradrydzewski/drone-test-go.git",
      "link": "https://github.com/bradrydzewski/drone-test-go",
      "created":"0001-01-01T00:00:00Z",
      "updated":"0001-01-01T00:00:00Z"
    },
    "action": "CREATE",
    "sender": {
      "login": "bradrydzewski",
      "name": "",
      "email": "",
      "avatar": "https://avatars1.githubusercontent.com/u/817538?v=4",
      "created":"0001-01-01T00:00:00Z",
      "updated":"0001-01-01T00:00:00Z"
    }
  }
}